// Jest Snapshot v1, https://goo.gl/fbAQLP

exports[`Calculator should match with Calculator snapshot 1`] = `
<div
  className="calcMain"
>
  <h2
    className="letsDo"
  >
    Let's do some math!
  </h2>
  <div
    className="calc-box"
  >
    <div
      className="calc-div"
    >
      <div
        className="answer"
        id="answer"
      >
        0
      </div>
      <button
        className="special"
        id="reset"
        onClick={[Function]}
        type="button"
      >
        AC
      </button>
      <button
        className="special"
        id="plus-or-minus"
        onClick={[Function]}
        type="button"
      >
        +/-
      </button>
      <button
        className="special"
        id="percent"
        onClick={[Function]}
        type="button"
      >
        %
      </button>
      <button
        className="operand"
        id="divide-by"
        onClick={[Function]}
        type="button"
      >
        รท
      </button>
      <button
        className="num"
        id="7"
        onClick={[Function]}
        type="button"
      >
        7
      </button>
      <button
        className="num"
        id="8"
        onClick={[Function]}
        type="button"
      >
        8
      </button>
      <button
        className="num"
        id="9"
        onClick={[Function]}
        type="button"
      >
        9
      </button>
      <button
        className="operand"
        id="times"
        onClick={[Function]}
        type="button"
      >
        x
      </button>
      <button
        className="num"
        id="4"
        onClick={[Function]}
        type="button"
      >
        4
      </button>
      <button
        className="num"
        id="5"
        onClick={[Function]}
        type="button"
      >
        5
      </button>
      <button
        className="num"
        id="6"
        onClick={[Function]}
        type="button"
      >
        6
      </button>
      <button
        className="operand"
        id="minus"
        onClick={[Function]}
        type="button"
      >
        -
      </button>
      <button
        className="num"
        id="1"
        onClick={[Function]}
        type="button"
      >
        1
      </button>
      <button
        className="num"
        id="2"
        onClick={[Function]}
        type="button"
      >
        2
      </button>
      <button
        className="num"
        id="3"
        onClick={[Function]}
        type="button"
      >
        3
      </button>
      <button
        className="operand"
        id="plus"
        onClick={[Function]}
        type="button"
      >
        +
      </button>
      <button
        className="num"
        id="zero"
        onClick={[Function]}
        type="button"
      >
        0
      </button>
      <button
        className="special"
        id="dot"
        onClick={[Function]}
        type="button"
      >
        .
      </button>
      <button
        className="operand"
        id="equal-to"
        onClick={[Function]}
        type="button"
      >
        =
      </button>
    </div>
  </div>
</div>
`;
