// Jest Snapshot v1, https://goo.gl/fbAQLP

exports[`Quote should match with Quote snapshot 1`] = `
<div
  className="quoteBox"
>
  <p>
    Mathematics is not about numbers, equations, computations, or algorithms: it is about understanding. â€” William Paul Thurston
  </p>
</div>
`;
